bg_910_p.txt
bg_911_p.txt
bg_912_p.txt
bg_913_p.txt
bg_914_p.txt
cs_1000_p.txt
cs_100_p.txt
cs_101_p.txt
cs_102_p.txt
cs_103_p.txt
da_1000_p.txt
da_100_p.txt
da_101_p.txt
da_102_p.txt
da_103_p.txt
de_101_p.txt
de_102_p.txt
de_103_p.txt
de_104_p.txt
de_105_p.txt
el_1000_p.txt
el_100_p.txt
el_101_p.txt
el_102_p.txt
el_103_p.txt
en_146_p.txt
en_147_p.txt
en_148_p.txt
en_149_p.txt
en_14_p.txt
es_16_p.txt
es_170_p.txt
es_171_p.txt
es_172_p.txt
es_173_p.txt
et_15_p.txt
et_160_p.txt
et_161_p.txt
et_162_p.txt
et_163_p.txt
fi_149_p.txt
fi_14_p.txt
fi_150_p.txt
fi_151_p.txt
fi_152_p.txt
fr_172_p.txt
fr_173_p.txt
fr_174_p.txt
fr_175_p.txt
fr_176_p.txt
hu_196_p.txt
hu_197_p.txt
hu_198_p.txt
hu_199_p.txt
hu_19_p.txt
it_153_p.txt
it_154_p.txt
it_155_p.txt
it_156_p.txt
it_157_p.txt
lv_567_p.txt
lv_568_p.txt
lv_569_p.txt
lv_56_p.txt
lv_570_p.txt
nl_190_p.txt
nl_191_p.txt
nl_192_p.txt
nl_193_p.txt
pl_462_p.txt
pl_463_p.txt
pl_464_p.txt
pl_465_p.txt
pl_466_p.txt
pl_467_p.txt
pt_153_p.txt
pt_154_p.txt
pt_155_p.txt
pt_156_p.txt
pt_157_p.txt
ro_276_p.txt
ro_277_p.txt
ro_278_p.txt
ro_279_p.txt
ro_27_p.txt
sk_29_p.txt
sk_2_p.txt
sk_300_p.txt
sk_301_p.txt
sl_55_p.txt
sl_560_p.txt
sl_561_p.txt
sl_562_p.txt
sl_563_p.txt
sl_564_p.txt
sv_176_p.txt
sv_177_p.txt
sv_178_p.txt
sv_179_p.txt
sv_17_p.txt